// Vitest Snapshot v1, https://vitest.dev/guide/snapshot.html

exports[`DropdownMenu > renders trigger (content is portaled + closed by default) 1`] = `
<div>
  <button
    aria-expanded="false"
    aria-haspopup="menu"
    data-state="closed"
    id="radix-:r0:"
    type="button"
  >
    Abrir
  </button>
</div>
`;
