// Vitest Snapshot v1, https://vitest.dev/guide/snapshot.html

exports[`Tabs > renders three tabs with first active 1`] = `
<div>
  <div
    data-orientation="horizontal"
    dir="ltr"
  >
    <div
      aria-orientation="horizontal"
      class="inline-flex items-center gap-1 shadow-hairline-b"
      data-orientation="horizontal"
      role="tablist"
      style="outline: none;"
      tabindex="0"
    >
      <button
        aria-controls="radix-:r0:-content-a"
        aria-selected="true"
        class="relative inline-flex h-9 items-center gap-2 px-3 text-sm font-medium text-ink-muted transition-colors hover:text-ink data-[state=active]:text-ink data-[state=active]:after:absolute data-[state=active]:after:inset-x-0 data-[state=active]:after:-bottom-px data-[state=active]:after:h-px data-[state=active]:after:bg-accent disabled:pointer-events-none disabled:opacity-40"
        data-orientation="horizontal"
        data-radix-collection-item=""
        data-state="active"
        id="radix-:r0:-trigger-a"
        role="tab"
        tabindex="-1"
        type="button"
      >
        A
      </button>
      <button
        aria-controls="radix-:r0:-content-b"
        aria-selected="false"
        class="relative inline-flex h-9 items-center gap-2 px-3 text-sm font-medium text-ink-muted transition-colors hover:text-ink data-[state=active]:text-ink data-[state=active]:after:absolute data-[state=active]:after:inset-x-0 data-[state=active]:after:-bottom-px data-[state=active]:after:h-px data-[state=active]:after:bg-accent disabled:pointer-events-none disabled:opacity-40"
        data-orientation="horizontal"
        data-radix-collection-item=""
        data-state="inactive"
        id="radix-:r0:-trigger-b"
        role="tab"
        tabindex="-1"
        type="button"
      >
        B
      </button>
      <button
        aria-controls="radix-:r0:-content-c"
        aria-selected="false"
        class="relative inline-flex h-9 items-center gap-2 px-3 text-sm font-medium text-ink-muted transition-colors hover:text-ink data-[state=active]:text-ink data-[state=active]:after:absolute data-[state=active]:after:inset-x-0 data-[state=active]:after:-bottom-px data-[state=active]:after:h-px data-[state=active]:after:bg-accent disabled:pointer-events-none disabled:opacity-40"
        data-orientation="horizontal"
        data-radix-collection-item=""
        data-state="inactive"
        id="radix-:r0:-trigger-c"
        role="tab"
        tabindex="-1"
        type="button"
      >
        C
      </button>
    </div>
    <div
      aria-labelledby="radix-:r0:-trigger-a"
      class="mt-4 focus-visible:outline-none data-[state=active]:animate-fade-in"
      data-orientation="horizontal"
      data-state="active"
      id="radix-:r0:-content-a"
      role="tabpanel"
      style="animation-duration: 0s;"
      tabindex="0"
    >
      alpha
    </div>
    <div
      aria-labelledby="radix-:r0:-trigger-b"
      class="mt-4 focus-visible:outline-none data-[state=active]:animate-fade-in"
      data-orientation="horizontal"
      data-state="inactive"
      hidden=""
      id="radix-:r0:-content-b"
      role="tabpanel"
      tabindex="0"
    />
    <div
      aria-labelledby="radix-:r0:-trigger-c"
      class="mt-4 focus-visible:outline-none data-[state=active]:animate-fade-in"
      data-orientation="horizontal"
      data-state="inactive"
      hidden=""
      id="radix-:r0:-content-c"
      role="tabpanel"
      tabindex="0"
    />
  </div>
</div>
`;
